// Jest Snapshot v1, https://goo.gl/fbAQLP

exports[`Test Checkout Offer Content Component Component matches snapshot 1`] = `
<DocumentFragment>
  <div
    class="offer-content"
  >
    <div
      class="offer-content__row"
    >
      <span>
        Redemption Amount:
      </span>
       
      <span>
        $49.00
      </span>
    </div>
    <div
      class="offer-content__row offer-content--primary"
    >
      <span>
        Prizeout Bonus (+2.04%):
      </span>
       
      <span>
        $1.00
      </span>
    </div>
    <div
      class="offer-content__row"
    >
      <span>
        You Get:
      </span>
       
      <span>
        $50.00
      </span>
    </div>
  </div>
</DocumentFragment>
`;
